// Jest Snapshot v1, https://goo.gl/fbAQLP

exports[`App It should render App component the same as snapshot 1`] = `
<DocumentFragment>
  <main>
    <h1>
      Base for your project
    </h1>
  </main>
</DocumentFragment>
`;
